// Jest Snapshot v1, https://goo.gl/fbAQLP

exports[`Shallow rendered total component  should render total component 1`] = `"<div><div class=\\"margin-top row\\"><div class=\\"form-group total-unit-padding-top col-lg-2 col-5\\"><span>Total Units: </span></div><div class=\\"col-lg-3 col-7\\"><h4><span id=\\"total-unit-badge\\" class=\\"badge-vertical-align badge badge-secondary\\"><strong>1200</strong></span></h4></div></div><div class=\\"margin-top row\\"><div class=\\"form-group col-lg-2 col-5\\"><span>Total Cost:</span></div><div class=\\"col-lg-3 col-7\\"><h4><span id=\\"total-cost-badge\\" class=\\"badge-vertical-align badge badge-secondary\\"><strong>3480</strong></span></h4></div></div></div>"`;
